#
# There is insufficient memory for the Java Runtime Environment to continue.
# Native memory allocation (malloc) failed to allocate 1048680 bytes. Error detail: Chunk::new
# Possible reasons:
#   The system is out of physical RAM or swap space
#   This process is running with CompressedOops enabled, and the Java Heap may be blocking the growth of the native heap
# Possible solutions:
#   Reduce memory load on the system
#   Increase physical memory or swap space
#   Check if swap backing store is full
#   Decrease Java heap size (-Xmx/-Xms)
#   Decrease number of Java threads
#   Decrease Java thread stack sizes (-Xss)
#   Set larger code cache with -XX:ReservedCodeCacheSize=
#   JVM is running with Zero Based Compressed Oops mode in which the Java heap is
#     placed in the first 32GB address space. The Java Heap base address is the
#     maximum limit for the native heap growth. Please use -XX:HeapBaseMinAddress
#     to set the Java Heap base and to place the Java Heap above 32GB virtual address.
# This output file may be truncated or incomplete.
#
#  Out of Memory Error (arena.cpp:186), pid=9744, tid=11880
#
# JRE version: OpenJDK Runtime Environment Temurin-25.0.3+9 (25.0.3+9) (build 25.0.3+9-LTS)
# Java VM: OpenJDK 64-Bit Server VM Temurin-25.0.3+9 (25.0.3+9-LTS, mixed mode, sharing, tiered, compressed oops, compressed class ptrs, parallel gc, windows-amd64)
# No core dump will be written. Minidumps are not enabled by default on client versions of Windows
#

---------------  S U M M A R Y ------------

Command Line: --add-opens=java.base/java.lang=ALL-UNNAMED --add-opens=java.base/java.lang.invoke=ALL-UNNAMED --add-opens=java.base/java.util=ALL-UNNAMED --add-opens=java.prefs/java.util.prefs=ALL-UNNAMED --add-exports=jdk.compiler/com.sun.tools.javac.api=ALL-UNNAMED --add-exports=jdk.compiler/com.sun.tools.javac.util=ALL-UNNAMED --add-opens=java.base/java.nio.charset=ALL-UNNAMED --add-opens=java.base/java.net=ALL-UNNAMED --add-opens=java.base/java.util.concurrent=ALL-UNNAMED --add-opens=java.base/java.util.concurrent.atomic=ALL-UNNAMED --add-opens=java.xml/javax.xml.namespace=ALL-UNNAMED --add-opens=java.base/java.time=ALL-UNNAMED --enable-native-access=ALL-UNNAMED -XX:+UseParallelGC -XX:+HeapDumpOnOutOfMemoryError -Xmx4g -Dfile.encoding=UTF-8 -Duser.country=US -Duser.language=en -Duser.variant -javaagent:C:\Users\Edgar\.gradle\wrapper\dists\gradle-9.6.1-bin\4ticwg1pgcbps2hj28r8so764\gradle-9.6.1\lib\agents\gradle-instrumentation-agent-9.6.1.jar org.gradle.launcher.daemon.bootstrap.GradleDaemon 9.6.1

Host: AMD Ryzen 5 5600 6-Core Processor              , 12 cores, 15G,  Windows 10 , 64 bit Build 19041 (10.0.19041.5915)
Time: Sun Aug  2 19:35:40 2026 SE Asia Standard Time elapsed time: 77.045985 seconds (0d 0h 1m 17s)

---------------  T H R E A D  ---------------

Current thread (0x000001c222563ef0):  JavaThread "C2 CompilerThread0" daemon [_thread_in_native, id=11880, stack(0x0000000a68f00000,0x0000000a69000000) (1024K)]


Current CompileTask:
C2:77046 37444       4       ksp.org.jetbrains.kotlin.fir.resolve.transformers.body.resolve.FirExpressionsResolveTransformer::transformQualifiedAccessExpression (978 bytes)

Stack: [0x0000000a68f00000,0x0000000a69000000]
Native frames: (J=compiled Java code, j=interpreted, Vv=VM code, C=native code)
V  [jvm.dll+0x7aa709]  (no source info available)
V  [jvm.dll+0x7749ed]  (no source info available)
V  [jvm.dll+0x9f7433]  (no source info available)
V  [jvm.dll+0x9f9a21]  (no source info available)
V  [jvm.dll+0x9fa133]  (no source info available)
V  [jvm.dll+0x2fd266]  (no source info available)
V  [jvm.dll+0x1113c6]  (no source info available)
V  [jvm.dll+0x1116ee]  (no source info available)
V  [jvm.dll+0x45425d]  (no source info available)
V  [jvm.dll+0x422f32]  (no source info available)
V  [jvm.dll+0x42234a]  (no source info available)
V  [jvm.dll+0x2c0629]  (no source info available)
V  [jvm.dll+0x2bf80f]  (no source info available)
V  [jvm.dll+0x2374a0]  (no source info available)
V  [jvm.dll+0x2cf906]  (no source info available)
V  [jvm.dll+0x2cdb8a]  (no source info available)
V  [jvm.dll+0x49070e]  (no source info available)
V  [jvm.dll+0x99894d]  (no source info available)
V  [jvm.dll+0x7a8ce5]  (no source info available)
C  [ucrtbase.dll+0x21bb2]  (no source info available)
C  [KERNEL32.DLL+0x17374]  (no source info available)
C  [ntdll.dll+0x4cc91]  (no source info available)

Lock stack of current Java thread (top to bottom):


---------------  P R O C E S S  ---------------

Threads class SMR info:
_java_thread_list=0x000001c25172b660, length=96, elements={
0x000001c2224b6820, 0x000001c22254d150, 0x000001c22254eca0, 0x000001c222552980,
0x000001c222553140, 0x000001c222553c00, 0x000001c222555300, 0x000001c222563ef0,
0x000001c22256d0e0, 0x000001c240c4b6d0, 0x000001c240c87ad0, 0x000001c246eb1230,
0x000001c246f00680, 0x000001c246e70660, 0x000001c24719f9f0, 0x000001c2471a09c0,
0x000001c247175640, 0x000001c2471a50a0, 0x000001c2471a7f80, 0x000001c2471a77b0,
0x000001c2471a3930, 0x000001c2476d4df0, 0x000001c2476d9440, 0x000001c2476d6d30,
0x000001c2476d84a0, 0x000001c2476d55c0, 0x000001c2476d1f10, 0x000001c248142d10,
0x000001c248143cb0, 0x000001c248146b90, 0x000001c248147360, 0x000001c248147b30,
0x000001c2481415a0, 0x000001c2484ffbb0, 0x000001c2484fa5c0, 0x000001c2484fad90,
0x000001c248500b50, 0x000001c2484fccd0, 0x000001c2484f9620, 0x000001c2484fb560,
0x000001c2484fbd30, 0x000001c2484fdc70, 0x000001c247c05d60, 0x000001c247c03e20,
0x000001c247bff7d0, 0x000001c247c045f0, 0x000001c247c01ee0, 0x000001c247c04dc0,
0x000001c245baeee0, 0x000001c245bb2590, 0x000001c245bb44d0, 0x000001c245bb4ca0,
0x000001c245bb5470, 0x000001c245bae710, 0x000001c2481434e0, 0x000001c24905cbd0,
0x000001c24905e340, 0x000001c24905ac90, 0x000001c24905b460, 0x000001c24905db70,
0x000001c24905bc30, 0x000001c24905c400, 0x000001c247103cc0, 0x000001c240d9ad60,
0x000001c240d98e20, 0x000001c240d94fa0, 0x000001c240d947d0, 0x000001c240d995f0,
0x000001c240d95770, 0x000001c240d96710, 0x000001c240d97e80, 0x000001c24bd43970,
0x000001c24bd429d0, 0x000001c24bd46080, 0x000001c24bd42200, 0x000001c24bd3eb50,
0x000001c24bd40a90, 0x000001c24bd41a30, 0x000001c24bd48790, 0x000001c24bd4cde0,
0x000001c24bd4aea0, 0x000001c24bd4dd80, 0x000001c24ac80a30, 0x000001c24ac80260,
0x000001c245a4fd40, 0x000001c245a4e5d0, 0x000001c245a4d630, 0x000001c245a52c20,
0x000001c245a54390, 0x000001c245a562d0, 0x000001c245a57270, 0x000001c24bfd63d0,
0x000001c24bfcfe40, 0x000001c24bfd8310, 0x000001c24bfd9a80, 0x000001c251536850
}

Java Threads: ( => current thread )
  0x000001c2224b6820 JavaThread "main"                              [_thread_blocked, id=5140, stack(0x0000000a68500000,0x0000000a68600000) (1024K)]
  0x000001c22254d150 JavaThread "Reference Handler"          daemon [_thread_blocked, id=12444, stack(0x0000000a68900000,0x0000000a68a00000) (1024K)]
  0x000001c22254eca0 JavaThread "Finalizer"                  daemon [_thread_blocked, id=17012, stack(0x0000000a68a00000,0x0000000a68b00000) (1024K)]
  0x000001c222552980 JavaThread "Signal Dispatcher"          daemon [_thread_blocked, id=17952, stack(0x0000000a68b00000,0x0000000a68c00000) (1024K)]
  0x000001c222553140 JavaThread "Attach Listener"            daemon [_thread_blocked, id=5460, stack(0x0000000a68c00000,0x0000000a68d00000) (1024K)]
  0x000001c222553c00 JavaThread "Service Thread"             daemon [_thread_blocked, id=2596, stack(0x0000000a68d00000,0x0000000a68e00000) (1024K)]
  0x000001c222555300 JavaThread "Monitor Deflation Thread"   daemon [_thread_blocked, id=21184, stack(0x0000000a68e00000,0x0000000a68f00000) (1024K)]
=>0x000001c222563ef0 JavaThread "C2 CompilerThread0"         daemon [_thread_in_native, id=11880, stack(0x0000000a68f00000,0x0000000a69000000) (1024K)]
  0x000001c22256d0e0 JavaThread "C1 CompilerThread0"         daemon [_thread_blocked, id=22416, stack(0x0000000a69000000,0x0000000a69100000) (1024K)]
  0x000001c240c4b6d0 JavaThread "Common-Cleaner"             daemon [_thread_blocked, id=18744, stack(0x0000000a69200000,0x0000000a69300000) (1024K)]
  0x000001c240c87ad0 JavaThread "Notification Thread"        daemon [_thread_blocked, id=4016, stack(0x0000000a69300000,0x0000000a69400000) (1024K)]
  0x000001c246eb1230 JavaThread "Daemon health stats"               [_thread_blocked, id=11960, stack(0x0000000a69400000,0x0000000a69500000) (1024K)]
  0x000001c246f00680 JavaThread "Incoming local TCP Connector on port 58463"        [_thread_in_native, id=12088, stack(0x0000000a69900000,0x0000000a69a00000) (1024K)]
  0x000001c246e70660 JavaThread "Daemon periodic checks"            [_thread_blocked, id=12024, stack(0x0000000a69a00000,0x0000000a69b00000) (1024K)]
  0x000001c24719f9f0 JavaThread "Daemon"                            [_thread_blocked, id=14464, stack(0x0000000a69b00000,0x0000000a69c00000) (1024K)]
  0x000001c2471a09c0 JavaThread "Handler for socket connection from /127.0.0.1:58463 to /127.0.0.1:58464"        [_thread_in_native, id=12968, stack(0x0000000a69c00000,0x0000000a69d00000) (1024K)]
  0x000001c247175640 JavaThread "Cancel handler"                    [_thread_blocked, id=12016, stack(0x0000000a69d00000,0x0000000a69e00000) (1024K)]
  0x000001c2471a50a0 JavaThread "Daemon worker"                     [_thread_blocked, id=11616, stack(0x0000000a69e00000,0x0000000a69f00000) (1024K)]
  0x000001c2471a7f80 JavaThread "Asynchronous log dispatcher for DefaultDaemonConnection: socket connection from /127.0.0.1:58463 to /127.0.0.1:58464"        [_thread_blocked, id=13268, stack(0x0000000a69f00000,0x0000000a6a000000) (1024K)]
  0x000001c2471a77b0 JavaThread "Stdin handler"                     [_thread_blocked, id=11388, stack(0x0000000a6a000000,0x0000000a6a100000) (1024K)]
  0x000001c2471a3930 JavaThread "Daemon client event forwarder"        [_thread_blocked, id=11576, stack(0x0000000a6a100000,0x0000000a6a200000) (1024K)]
  0x000001c2476d4df0 JavaThread "Cache worker for journal cache (C:\Users\Edgar\.gradle\caches\journal-1)"        [_thread_blocked, id=19428, stack(0x0000000a6a700000,0x0000000a6a800000) (1024K)]
  0x000001c2476d9440 JavaThread "File lock request listener"        [_thread_in_native, id=12312, stack(0x0000000a6a800000,0x0000000a6a900000) (1024K)]
  0x000001c2476d6d30 JavaThread "Cache worker for file hash cache (C:\Users\Edgar\.gradle\caches\9.6.1\fileHashes)"        [_thread_blocked, id=12420, stack(0x0000000a6a900000,0x0000000a6aa00000) (1024K)]
  0x000001c2476d84a0 JavaThread "Cache worker for file hash cache (C:\Users\Edgar\Documents\SkyHanni\.gradle\9.6.1\fileHashes)"        [_thread_blocked, id=13116, stack(0x0000000a6ab00000,0x0000000a6ac00000) (1024K)]
  0x000001c2476d55c0 JavaThread "Cache worker for checksums cache (C:\Users\Edgar\Documents\SkyHanni\.gradle\9.6.1\checksums)"        [_thread_blocked, id=21236, stack(0x0000000a6ac00000,0x0000000a6ad00000) (1024K)]
  0x000001c2476d1f10 JavaThread "Cache worker for Build Output Cleanup Cache (C:\Users\Edgar\Documents\SkyHanni\.gradle\buildOutputCleanup)"        [_thread_blocked, id=13124, stack(0x0000000a6ad00000,0x0000000a6ae00000) (1024K)]
  0x000001c248142d10 JavaThread "Cache worker for file content cache (C:\Users\Edgar\.gradle\caches\9.6.1\fileContent)"        [_thread_blocked, id=14256, stack(0x0000000a6ae00000,0x0000000a6af00000) (1024K)]
  0x000001c248143cb0 JavaThread "Cache worker for Build Output Cleanup Cache (C:\Users\Edgar\Documents\SkyHanni\buildSrc\.gradle\buildOutputCleanup)"        [_thread_blocked, id=7176, stack(0x0000000a6aa00000,0x0000000a6ab00000) (1024K)]
  0x000001c248146b90 JavaThread "File watcher server"        daemon [_thread_in_native, id=19928, stack(0x0000000a6af00000,0x0000000a6b000000) (1024K)]
  0x000001c248147360 JavaThread "File watcher consumer"      daemon [_thread_blocked, id=19164, stack(0x0000000a6b000000,0x0000000a6b100000) (1024K)]
  0x000001c248147b30 JavaThread "Cache worker for cache directory md-supplier (C:\Users\Edgar\.gradle\caches\9.6.1\md-supplier)"        [_thread_blocked, id=20436, stack(0x0000000a6b100000,0x0000000a6b200000) (1024K)]
  0x000001c2481415a0 JavaThread "Cache worker for cache directory md-rule (C:\Users\Edgar\.gradle\caches\9.6.1\md-rule)"        [_thread_blocked, id=6208, stack(0x0000000a6b200000,0x0000000a6b300000) (1024K)]
  0x000001c2484ffbb0 JavaThread "Cache worker for Build Output Cleanup Cache (C:\Users\Edgar\Documents\SkyHanni\sharedVariables\.gradle\buildOutputCleanup)"        [_thread_blocked, id=21880, stack(0x0000000a6b300000,0x0000000a6b400000) (1024K)]
  0x000001c2484fa5c0 JavaThread "Configuration cache report writer"        [_thread_blocked, id=18676, stack(0x0000000a6b400000,0x0000000a6b500000) (1024K)]
  0x000001c2484fad90 JavaThread "Build operations"                  [_thread_blocked, id=17452, stack(0x0000000a6b500000,0x0000000a6b600000) (1024K)]
  0x000001c248500b50 JavaThread "Build operations Thread 2"         [_thread_blocked, id=19052, stack(0x0000000a6b600000,0x0000000a6b700000) (1024K)]
  0x000001c2484fccd0 JavaThread "Build operations Thread 3"         [_thread_blocked, id=19280, stack(0x0000000a6b700000,0x0000000a6b800000) (1024K)]
  0x000001c2484f9620 JavaThread "Build operations Thread 4"         [_thread_blocked, id=15964, stack(0x0000000a6b800000,0x0000000a6b900000) (1024K)]
  0x000001c2484fb560 JavaThread "Build operations Thread 5"         [_thread_blocked, id=8908, stack(0x0000000a6b900000,0x0000000a6ba00000) (1024K)]
  0x000001c2484fbd30 JavaThread "Build operations Thread 6"         [_thread_blocked, id=7344, stack(0x0000000a6ba00000,0x0000000a6bb00000) (1024K)]
  0x000001c2484fdc70 JavaThread "Build operations Thread 7"         [_thread_blocked, id=11536, stack(0x0000000a6bb00000,0x0000000a6bc00000) (1024K)]
  0x000001c247c05d60 JavaThread "Build operations Thread 8"         [_thread_blocked, id=20684, stack(0x0000000a6bc00000,0x0000000a6bd00000) (1024K)]
  0x000001c247c03e20 JavaThread "Build operations Thread 9"         [_thread_blocked, id=6980, stack(0x0000000a6bd00000,0x0000000a6be00000) (1024K)]
  0x000001c247bff7d0 JavaThread "Build operations Thread 10"        [_thread_blocked, id=13292, stack(0x0000000a6be00000,0x0000000a6bf00000) (1024K)]
  0x000001c247c045f0 JavaThread "Build operations Thread 11"        [_thread_blocked, id=17232, stack(0x0000000a6bf00000,0x0000000a6c000000) (1024K)]
  0x000001c247c01ee0 JavaThread "Build operations Thread 12"        [_thread_blocked, id=6056, stack(0x0000000a6c000000,0x0000000a6c100000) (1024K)]
  0x000001c247c04dc0 JavaThread "Memory manager"                    [_thread_blocked, id=20264, stack(0x0000000a6c100000,0x0000000a6c200000) (1024K)]
  0x000001c245baeee0 JavaThread "build event listener"              [_thread_blocked, id=13196, stack(0x0000000a69100000,0x0000000a69200000) (1024K)]
  0x000001c245bb2590 JavaThread "build event listener"              [_thread_blocked, id=20352, stack(0x0000000a6c400000,0x0000000a6c500000) (1024K)]
  0x000001c245bb44d0 JavaThread "included builds"                   [_thread_blocked, id=13328, stack(0x0000000a6c300000,0x0000000a6c400000) (1024K)]
  0x000001c245bb4ca0 JavaThread "Execution worker"                  [_thread_blocked, id=19084, stack(0x0000000a6c500000,0x0000000a6c600000) (1024K)]
  0x000001c245bb5470 JavaThread "Execution worker Thread 2"         [_thread_blocked, id=18908, stack(0x0000000a6c600000,0x0000000a6c700000) (1024K)]
  0x000001c245bae710 JavaThread "Execution worker Thread 3"         [_thread_blocked, id=10040, stack(0x0000000a6c700000,0x0000000a6c800000) (1024K)]
  0x000001c2481434e0 JavaThread "Execution worker Thread 4"         [_thread_blocked, id=21496, stack(0x0000000a6c800000,0x0000000a6c900000) (1024K)]
  0x000001c24905cbd0 JavaThread "Execution worker Thread 5"         [_thread_blocked, id=19252, stack(0x0000000a6c900000,0x0000000a6ca00000) (1024K)]
  0x000001c24905e340 JavaThread "Execution worker Thread 6"         [_thread_blocked, id=20624, stack(0x0000000a6ca00000,0x0000000a6cb00000) (1024K)]
  0x000001c24905ac90 JavaThread "Execution worker Thread 7"         [_thread_blocked, id=9620, stack(0x0000000a6cb00000,0x0000000a6cc00000) (1024K)]
  0x000001c24905b460 JavaThread "Execution worker Thread 8"         [_thread_blocked, id=7212, stack(0x0000000a6cc00000,0x0000000a6cd00000) (1024K)]
  0x000001c24905db70 JavaThread "Execution worker Thread 9"         [_thread_blocked, id=8048, stack(0x0000000a6cd00000,0x0000000a6ce00000) (1024K)]
  0x000001c24905bc30 JavaThread "Execution worker Thread 10"        [_thread_blocked, id=21252, stack(0x0000000a6ce00000,0x0000000a6cf00000) (1024K)]
  0x000001c24905c400 JavaThread "Execution worker Thread 11"        [_thread_blocked, id=17924, stack(0x0000000a6cf00000,0x0000000a6d000000) (1024K)]
  0x000001c247103cc0 JavaThread "Cache worker for execution history cache (C:\Users\Edgar\Documents\SkyHanni\sharedVariables\.gradle\9.6.1\executionHistory)"        [_thread_blocked, id=18204, stack(0x0000000a6d000000,0x0000000a6d100000) (1024K)]
  0x000001c240d9ad60 JavaThread "build event listener"              [_thread_blocked, id=9184, stack(0x0000000a6d200000,0x0000000a6d300000) (1024K)]
  0x000001c240d98e20 JavaThread "build event listener"              [_thread_blocked, id=21152, stack(0x0000000a6d300000,0x0000000a6d400000) (1024K)]
  0x000001c240d94fa0 JavaThread "ForkJoinPool.commonPool-worker-1" daemon [_thread_blocked, id=18552, stack(0x0000000a6d400000,0x0000000a6d500000) (1024K)]
  0x000001c240d947d0 JavaThread "ForkJoinPool.commonPool-worker-2" daemon [_thread_blocked, id=18824, stack(0x0000000a6d500000,0x0000000a6d600000) (1024K)]
  0x000001c240d995f0 JavaThread "ForkJoinPool.commonPool-worker-3" daemon [_thread_blocked, id=17964, stack(0x0000000a6d600000,0x0000000a6d700000) (1024K)]
  0x000001c240d95770 JavaThread "ForkJoinPool.commonPool-worker-4" daemon [_thread_blocked, id=8660, stack(0x0000000a6d700000,0x0000000a6d800000) (1024K)]
  0x000001c240d96710 JavaThread "ForkJoinPool.commonPool-worker-5" daemon [_thread_blocked, id=7732, stack(0x0000000a6d800000,0x0000000a6d900000) (1024K)]
  0x000001c240d97e80 JavaThread "ForkJoinPool.commonPool-worker-6" daemon [_thread_blocked, id=5620, stack(0x0000000a6d900000,0x0000000a6da00000) (1024K)]
  0x000001c24bd43970 JavaThread "ForkJoinPool.commonPool-worker-7" daemon [_thread_blocked, id=10960, stack(0x0000000a6d100000,0x0000000a6d200000) (1024K)]
  0x000001c24bd429d0 JavaThread "ForkJoinPool.commonPool-worker-8" daemon [_thread_blocked, id=17556, stack(0x0000000a6da00000,0x0000000a6db00000) (1024K)]
  0x000001c24bd46080 JavaThread "ForkJoinPool.commonPool-worker-9" daemon [_thread_blocked, id=20848, stack(0x0000000a6db00000,0x0000000a6dc00000) (1024K)]
  0x000001c24bd42200 JavaThread "ForkJoinPool.commonPool-worker-10" daemon [_thread_blocked, id=1680, stack(0x0000000a6dc00000,0x0000000a6dd00000) (1024K)]
  0x000001c24bd3eb50 JavaThread "Exec process"                      [_thread_blocked, id=18472, stack(0x0000000a6dd00000,0x0000000a6de00000) (1024K)]
  0x000001c24bd40a90 JavaThread "Exec process Thread 2"             [_thread_blocked, id=13236, stack(0x0000000a6de00000,0x0000000a6df00000) (1024K)]
  0x000001c24bd41a30 JavaThread "Exec process Thread 3"             [_thread_blocked, id=3916, stack(0x0000000a6df00000,0x0000000a6e000000) (1024K)]
  0x000001c24bd48790 JavaThread "Cache worker for execution history cache (C:\Users\Edgar\Documents\SkyHanni\buildSrc\.gradle\9.6.1\executionHistory)"        [_thread_blocked, id=19924, stack(0x0000000a6e000000,0x0000000a6e100000) (1024K)]
  0x000001c24bd4cde0 JavaThread "build event listener"              [_thread_blocked, id=13808, stack(0x0000000a6e100000,0x0000000a6e200000) (1024K)]
  0x000001c24bd4aea0 JavaThread "build event listener"              [_thread_blocked, id=17204, stack(0x0000000a6e200000,0x0000000a6e300000) (1024K)]
  0x000001c24bd4dd80 JavaThread "Problems report writer"            [_thread_blocked, id=20116, stack(0x0000000a6e400000,0x0000000a6e500000) (1024K)]
  0x000001c24ac80a30 JavaThread "HttpClient-1-SelectorManager" daemon [_thread_in_native, id=8400, stack(0x0000000a6e300000,0x0000000a6e400000) (1024K)]
  0x000001c24ac80260 JavaThread "VirtualThread-unblocker"    daemon [_thread_blocked, id=2080, stack(0x0000000a6e600000,0x0000000a6e700000) (1024K)]
  0x000001c245a4fd40 JavaThread "ForkJoinPool.commonPool-worker-11" daemon [_thread_blocked, id=12212, stack(0x0000000a6f300000,0x0000000a6f400000) (1024K)]
  0x000001c245a4e5d0 JavaThread "build event listener"              [_thread_blocked, id=18916, stack(0x0000000a6e500000,0x0000000a6e600000) (1024K)]
  0x000001c245a4d630 JavaThread "Cache worker for execution history cache (C:\Users\Edgar\Documents\SkyHanni\.gradle\9.6.1\executionHistory)"        [_thread_blocked, id=9180, stack(0x0000000a6f500000,0x0000000a6f600000) (1024K)]
  0x000001c245a52c20 JavaThread "WorkerExecutor Queue"              [_thread_in_Java, id=272, stack(0x0000000a6f400000,0x0000000a6f500000) (1024K)]
  0x000001c245a54390 JavaThread "DefaultDispatcher-worker-1" daemon [_thread_blocked, id=22136, stack(0x0000000a6f600000,0x0000000a6f700000) (1024K)]
  0x000001c245a562d0 JavaThread "DefaultDispatcher-worker-2" daemon [_thread_blocked, id=17176, stack(0x0000000a6f700000,0x0000000a6f800000) (1024K)]
  0x000001c245a57270 JavaThread "DefaultDispatcher-worker-3" daemon [_thread_blocked, id=14896, stack(0x0000000a6f800000,0x0000000a6f900000) (1024K)]
  0x000001c24bfd63d0 JavaThread "Periodic tasks thread"      daemon [_thread_blocked, id=9332, stack(0x0000000a6c200000,0x0000000a6c300000) (1024K)]
  0x000001c24bfcfe40 JavaThread "ApplicationImpl pooled thread 1"        [_thread_blocked, id=19980, stack(0x0000000a6f900000,0x0000000a6fa00000) (1024K)]
  0x000001c24bfd8310 JavaThread "Java2D Disposer"            daemon [_thread_blocked, id=13720, stack(0x0000000a6fc00000,0x0000000a6fd00000) (1024K)]
  0x000001c24bfd9a80 JavaThread "AWT-Windows"                daemon [_thread_in_native, id=13716, stack(0x0000000a6fe00000,0x0000000a6ff00000) (1024K)]
  0x000001c251536850 JavaThread "C2 CompilerThread1"         daemon [_thread_in_native, id=13120, stack(0x0000000a6fa00000,0x0000000a6fb00000) (1024K)]
Total: 96

Other Threads:
  0x000001c22253ef90 VMThread "VM Thread"                           [id=2608, stack(0x0000000a68800000,0x0000000a68900000) (1024K)]
  0x000001c22208ca00 WatcherThread "VM Periodic Task Thread"        [id=1904, stack(0x0000000a68700000,0x0000000a68800000) (1024K)]
  0x000001c2224d2300 WorkerThread "GC Thread#0"                     [id=18124, stack(0x0000000a68600000,0x0000000a68700000) (1024K)]
  0x000001c246b90850 WorkerThread "GC Thread#1"                     [id=11336, stack(0x0000000a69500000,0x0000000a69600000) (1024K)]
  0x000001c245f040f0 WorkerThread "GC Thread#2"                     [id=15232, stack(0x0000000a69600000,0x0000000a69700000) (1024K)]
  0x000001c245f04930 WorkerThread "GC Thread#3"                     [id=12336, stack(0x0000000a69700000,0x0000000a69800000) (1024K)]
  0x000001c245f04d60 WorkerThread "GC Thread#4"                     [id=17672, stack(0x0000000a69800000,0x0000000a69900000) (1024K)]
  0x000001c2461799b0 WorkerThread "GC Thread#5"                     [id=12084, stack(0x0000000a6a200000,0x0000000a6a300000) (1024K)]
  0x000001c24617a250 WorkerThread "GC Thread#6"                     [id=12092, stack(0x0000000a6a300000,0x0000000a6a400000) (1024K)]
  0x000001c2461772e0 WorkerThread "GC Thread#7"                     [id=2896, stack(0x0000000a6a400000,0x0000000a6a500000) (1024K)]
  0x000001c246177fd0 WorkerThread "GC Thread#8"                     [id=13752, stack(0x0000000a6a500000,0x0000000a6a600000) (1024K)]
  0x000001c246178420 WorkerThread "GC Thread#9"                     [id=11356, stack(0x0000000a6a600000,0x0000000a6a700000) (1024K)]
Total: 12

Threads with active compile tasks:
C2 CompilerThread0  77343 37444       4       ksp.org.jetbrains.kotlin.fir.resolve.transformers.body.resolve.FirExpressionsResolveTransformer::transformQualifiedAccessExpression (978 bytes)
C2 CompilerThread1  77343 37457       4       ksp.com.intellij.codeInsight.AnnotationUtil::findAnnotation (45 bytes)
Total: 2

VM state: not at safepoint (normal execution)

VM Mutex/Monitor currently owned by a thread: None

Heap address: 0x0000000700000000, size: 4096 MB, Compressed Oops mode: Zero based, Oop shift amount: 3

CDS archive(s) mapped at: [0x0000000098000000-0x0000000098dd0000-0x0000000098dd0000), size 14483456, SharedBaseAddress: 0x0000000098000000, ArchiveRelocationMode: 1.
Compressed class space mapped at: 0x0000000099000000-0x00000000d9000000, reserved size: 1073741824
UseCompressedClassPointers 1, UseCompactObjectHeaders 0
Narrow klass pointer bits 32, Max shift 3
Narrow klass base: 0x0000000098000000, Narrow klass shift: 0
Encoding Range: [0x0000000098000000 - 0x0000000198000000), (4294967296 bytes)
Klass Range:    [0x0000000098010000 - 0x00000000d9000000), (1090453504 bytes)
Klass ID Range:  [65536 - 1090519033) (1090453497)
Protection zone: [0x0000000098000000 - 0x0000000098010000), (65536 bytes)

GC Precious Log:
 CardTable entry size: 512
 CPUs: 12 total, 12 available
 Memory: 16310M
 Large Page Support: Disabled
 NUMA Support: Disabled
 Compressed Oops: Enabled (Zero based)
 Alignments: Space 512K, Generation 512K, Heap 2M
 Heap Min Capacity: 8M
 Heap Initial Capacity: 256M
 Heap Max Capacity: 4G
 Pre-touch: Disabled
 Parallel Workers: 10

Heap:
 PSYoungGen      total 293888K, used 114404K [0x00000007aab00000, 0x00000007c2e00000, 0x0000000800000000)
  eden space 231936K, 37% used [0x00000007aab00000,0x00000007affc8de8,0x00000007b8d80000)
  from space 61952K, 44% used [0x00000007b8d80000,0x00000007ba870228,0x00000007bca00000)
  to   space 58880K, 0% used [0x00000007bf480000,0x00000007bf480000,0x00000007c2e00000)
 ParOldGen       total 617472K, used 617126K [0x0000000700000000, 0x0000000725b00000, 0x00000007aab00000)
  object space 617472K, 99% used [0x0000000700000000,0x0000000725aa9a70,0x0000000725b00000)

Card table byte_map: [0x000001c239fe0000,0x000001c23a7e0000] _byte_map_base: 0x000001c2367e0000

Marking Bits: (ParMarkBitMap*) 0x00007ffbb78bebc0
 Begin Bits: [0x000001c23ad40000, 0x000001c23ed40000)

Polling page: 0x000001c220320000

Metaspace:
Metaspace        used 189163K, committed 192000K, reserved 1245184K
 class space     used 25237K, committed 26624K, reserved 1048576K

Usage:
  Non-class:    160.08 MB used.
      Class:     24.65 MB used.
       Both:    184.73 MB used.

Virtual space:
  Non-class space:      192.00 MB reserved,     161.50 MB ( 84%) committed,  3 nodes.
      Class space:        1.00 GB reserved,      26.00 MB (  3%) committed,  1 nodes.
             Both:        1.19 GB reserved,     187.50 MB ( 15%) committed. 

Chunk freelists:
   Non-Class:  14.52 MB
       Class:  6.04 MB
        Both:  20.56 MB

MaxMetaspaceSize: unlimited
CompressedClassSpaceSize: 1.00 GB
Initial GC threshold: 21.00 MB
Current GC threshold: 308.44 MB
CDS: on
 - commit_granule_bytes: 65536.
 - commit_granule_words: 8192.
 - virtual_space_node_default_size: 8388608.
 - enlarge_chunks_in_place: 1.
UseCompressedClassPointers 1, UseCompactObjectHeaders 0
Narrow klass pointer bits 32, Max shift 3
Narrow klass base: 0x0000000098000000, Narrow klass shift: 0
Encoding Range: [0x0000000098000000 - 0x0000000198000000), (4294967296 bytes)
Klass Range:    [0x0000000098010000 - 0x00000000d9000000), (1090453504 bytes)
Klass ID Range:  [65536 - 1090519033) (1090453497)
Protection zone: [0x0000000098000000 - 0x0000000098010000), (65536 bytes)


Internal statistics:

num_allocs_failed_limit: 15.
num_arena_births: 4896.
num_arena_deaths: 0.
num_vsnodes_births: 4.
num_vsnodes_deaths: 0.
num_space_committed: 2999.
num_space_uncommitted: 0.
num_chunks_returned_to_freelist: 15.
num_chunks_taken_from_freelist: 12868.
num_chunk_merges: 15.
num_chunk_splits: 8944.
num_chunks_enlarged: 6348.
num_inconsistent_stats: 0.

CodeHeap 'non-profiled nmethods': size=120064Kb used=17332Kb max_used=17379Kb free=102732Kb
 bounds [0x000001c232aa0000, 0x000001c233ba0000, 0x000001c239fe0000]
CodeHeap 'profiled nmethods': size=120064Kb used=63009Kb max_used=63488Kb free=57054Kb
 bounds [0x000001c22afc0000, 0x000001c22edd0000, 0x000001c232500000]
CodeHeap 'non-nmethods': size=5760Kb used=2126Kb max_used=2201Kb free=3633Kb
 bounds [0x000001c232500000, 0x000001c232770000, 0x000001c232aa0000]
CodeCache: size=245888Kb, used=82467Kb, max_used=83068Kb, free=163419Kb
 total_blobs=30531, nmethods=29355, adapters=1076, full_count=0
Compilation: enabled, stopped_count=0, restarted_count=0

Compilation events (20 events):
Event: 76.730 Thread 0x000001c22256d0e0 nmethod 37443 0x000001c22d705988 code [0x000001c22d705a80, 0x000001c22d7062f8]
Event: 76.735 Thread 0x000001c222563ef0 nmethod 37439 0x000001c2338e8288 code [0x000001c2338e8380, 0x000001c2338e8818]
Event: 76.735 Thread 0x000001c222563ef0 37440       4       ksp.org.jetbrains.kotlin.analysis.low.level.api.fir.api.FirDesignationKt::tryCollectDesignation (404 bytes)
Event: 76.791 Thread 0x000001c222563ef0 nmethod 37440 0x000001c2338e5908 code [0x000001c2338e5a00, 0x000001c2338e81f8]
Event: 76.792 Thread 0x000001c222563ef0 37448       4       ksp.com.intellij.openapi.util.text.StringUtil::isPrintableUnicode (70 bytes)
Event: 76.796 Thread 0x000001c22256d0e0 37451       3       ksp.org.jetbrains.kotlin.fir.resolve.inference.PostponedArgumentsAnalyzer::analyzeLambda$default (25 bytes)
Event: 76.798 Thread 0x000001c22256d0e0 nmethod 37451 0x000001c22d5f9008 code [0x000001c22d5f9100, 0x000001c22d5f92d8]
Event: 76.817 Thread 0x000001c222563ef0 nmethod 37448 0x000001c2338e5488 code [0x000001c2338e5580, 0x000001c2338e58c8]
Event: 76.817 Thread 0x000001c222563ef0 37450       4       ksp.org.jetbrains.kotlin.fir.resolve.substitution.ConeSubstitutorByMap::substituteType (63 bytes)
Event: 76.825 Thread 0x000001c222563ef0 nmethod 37450 0x000001c2338e4d08 code [0x000001c2338e4e00, 0x000001c2338e5458]
Event: 76.825 Thread 0x000001c222563ef0 37445       4       ksp.org.jetbrains.kotlin.fir.resolve.transformers.body.resolve.FirExpressionsResolveTransformer::transformExplicitReceiverOf (53 bytes)
Event: 76.829 Thread 0x000001c222563ef0 nmethod 37445 0x000001c2338e4708 code [0x000001c2338e4800, 0x000001c2338e4cb0]
Event: 76.829 Thread 0x000001c222563ef0 37444       4       ksp.org.jetbrains.kotlin.fir.resolve.transformers.body.resolve.FirExpressionsResolveTransformer::transformQualifiedAccessExpression (978 bytes)
Event: 76.849 Thread 0x000001c251536850 nmethod 37437 0x000001c2338e0d08 code [0x000001c2338e0e00, 0x000001c2338e4620]
Event: 76.849 Thread 0x000001c251536850 37449       4       ksp.org.jetbrains.kotlin.fir.resolve.transformers.FirCallCompletionResultsWriterTransformer::finallySubstituteOrSelf (15 bytes)
Event: 76.851 Thread 0x000001c251536850 nmethod 37449 0x000001c2338e0a08 code [0x000001c2338e0b00, 0x000001c2338e0ce8]
Event: 76.851 Thread 0x000001c251536850 37446       4       ksp.org.jetbrains.kotlin.resolve.calls.inference.components.ConstraintInjector$TypeCheckerStateForConstraintInjector$addNewIncorporatedConstraint$1::invoke (9 bytes)
Event: 76.854 Thread 0x000001c251536850 nmethod 37446 0x000001c2338c4d88 code [0x000001c2338c4e80, 0x000001c2338c5188]
Event: 76.854 Thread 0x000001c251536850 37447       4       ksp.org.jetbrains.kotlin.resolve.calls.inference.components.ConstraintInjector$TypeCheckerStateForConstraintInjector::isCapturedTypeFromSubtyping (132 bytes)
Event: 76.856 Thread 0x000001c251536850 nmethod 37447 0x000001c2338c4a08 code [0x000001c2338c4b00, 0x000001c2338c4d08]

GC Heap Usage History (20 events):
Event: 56.980 {heap Before GC invocations=59 (full 5):
 PSYoungGen      total 160768K, used 148692K [0x00000007aab00000, 0x00000007b9600000, 0x0000000800000000)
  eden space 111616K, 100% used [0x00000007aab00000,0x00000007b1800000,0x00000007b1800000)
  from space 49152K, 75% used [0x00000007b1800000,0x00000007b3c352b8,0x00000007b4800000)
  to   space 52736K, 0% used [0x00000007b6280000,0x00000007b6280000,0x00000007b9600000)
 ParOldGen       total 396800K, used 396675K [0x0000000700000000, 0x0000000718380000, 0x00000007aab00000)
  object space 396800K, 99% used [0x0000000700000000,0x0000000718360ed8,0x0000000718380000)
}
Event: 57.018 {heap After GC invocations=59 (full 5):
 PSYoungGen      total 185344K, used 35615K [0x00000007aab00000, 0x00000007b9b00000, 0x0000000800000000)
  eden space 132608K, 0% used [0x00000007aab00000,0x00000007aab00000,0x00000007b2c80000)
  from space 52736K, 67% used [0x00000007b6280000,0x00000007b8547cb0,0x00000007b9600000)
  to   space 55296K, 0% used [0x00000007b2c80000,0x00000007b2c80000,0x00000007b6280000)
 ParOldGen       total 434176K, used 433672K [0x0000000700000000, 0x000000071a800000, 0x00000007aab00000)
  object space 434176K, 99% used [0x0000000700000000,0x000000071a7821b0,0x000000071a800000)
}
Event: 59.727 {heap Before GC invocations=60 (full 6):
 PSYoungGen      total 185344K, used 155903K [0x00000007aab00000, 0x00000007b9b00000, 0x0000000800000000)
  eden space 132608K, 90% used [0x00000007aab00000,0x00000007b2078188,0x00000007b2c80000)
  from space 52736K, 67% used [0x00000007b6280000,0x00000007b8547cb0,0x00000007b9600000)
  to   space 55296K, 0% used [0x00000007b2c80000,0x00000007b2c80000,0x00000007b6280000)
 ParOldGen       total 434176K, used 433672K [0x0000000700000000, 0x000000071a800000, 0x00000007aab00000)
  object space 434176K, 99% used [0x0000000700000000,0x000000071a7821b0,0x000000071a800000)
}
Event: 60.206 {heap After GC invocations=60 (full 6):
 PSYoungGen      total 185344K, used 32979K [0x00000007aab00000, 0x00000007b9b00000, 0x0000000800000000)
  eden space 132608K, 0% used [0x00000007aab00000,0x00000007aab00000,0x00000007b2c80000)
  from space 52736K, 62% used [0x00000007b6280000,0x00000007b82b4d58,0x00000007b9600000)
  to   space 55296K, 0% used [0x00000007b2c80000,0x00000007b2c80000,0x00000007b6280000)
 ParOldGen       total 434176K, used 434176K [0x0000000700000000, 0x000000071a800000, 0x00000007aab00000)
  object space 434176K, 100% used [0x0000000700000000,0x000000071a800000,0x000000071a800000)
}
Event: 63.244 {heap Before GC invocations=61 (full 6):
 PSYoungGen      total 185344K, used 165587K [0x00000007aab00000, 0x00000007b9b00000, 0x0000000800000000)
  eden space 132608K, 100% used [0x00000007aab00000,0x00000007b2c80000,0x00000007b2c80000)
  from space 52736K, 62% used [0x00000007b6280000,0x00000007b82b4d58,0x00000007b9600000)
  to   space 55296K, 0% used [0x00000007b2c80000,0x00000007b2c80000,0x00000007b6280000)
 ParOldGen       total 434176K, used 434176K [0x0000000700000000, 0x000000071a800000, 0x00000007aab00000)
  object space 434176K, 100% used [0x0000000700000000,0x000000071a800000,0x000000071a800000)
}
Event: 63.293 {heap After GC invocations=61 (full 6):
 PSYoungGen      total 187904K, used 55271K [0x00000007aab00000, 0x00000007bc700000, 0x0000000800000000)
  eden space 132608K, 0% used [0x00000007aab00000,0x00000007aab00000,0x00000007b2c80000)
  from space 55296K, 99% used [0x00000007b2c80000,0x00000007b6279d18,0x00000007b6280000)
  to   space 65024K, 0% used [0x00000007b8780000,0x00000007b8780000,0x00000007bc700000)
 ParOldGen       total 435200K, used 435152K [0x0000000700000000, 0x000000071a900000, 0x00000007aab00000)
  object space 435200K, 99% used [0x0000000700000000,0x000000071a8f4000,0x000000071a900000)
}
Event: 65.386 {heap Before GC invocations=62 (full 6):
 PSYoungGen      total 187904K, used 187879K [0x00000007aab00000, 0x00000007bc700000, 0x0000000800000000)
  eden space 132608K, 100% used [0x00000007aab00000,0x00000007b2c80000,0x00000007b2c80000)
  from space 55296K, 99% used [0x00000007b2c80000,0x00000007b6279d18,0x00000007b6280000)
  to   space 65024K, 0% used [0x00000007b8780000,0x00000007b8780000,0x00000007bc700000)
 ParOldGen       total 435200K, used 435152K [0x0000000700000000, 0x000000071a900000, 0x00000007aab00000)
  object space 435200K, 99% used [0x0000000700000000,0x000000071a8f4000,0x000000071a900000)
}
Event: 65.421 {heap After GC invocations=62 (full 6):
 PSYoungGen      total 219648K, used 18705K [0x00000007aab00000, 0x00000007bc100000, 0x0000000800000000)
  eden space 160768K, 0% used [0x00000007aab00000,0x00000007aab00000,0x00000007b4800000)
  from space 58880K, 31% used [0x00000007b8780000,0x00000007b99c44b8,0x00000007bc100000)
  to   space 61952K, 0% used [0x00000007b4800000,0x00000007b4800000,0x00000007b8480000)
 ParOldGen       total 490496K, used 490488K [0x0000000700000000, 0x000000071df00000, 0x00000007aab00000)
  object space 490496K, 99% used [0x0000000700000000,0x000000071defe238,0x000000071df00000)
}
Event: 67.747 {heap Before GC invocations=63 (full 7):
 PSYoungGen      total 219648K, used 152900K [0x00000007aab00000, 0x00000007bc100000, 0x0000000800000000)
  eden space 160768K, 83% used [0x00000007aab00000,0x00000007b2e0cef0,0x00000007b4800000)
  from space 58880K, 31% used [0x00000007b8780000,0x00000007b99c44b8,0x00000007bc100000)
  to   space 61952K, 0% used [0x00000007b4800000,0x00000007b4800000,0x00000007b8480000)
 ParOldGen       total 490496K, used 490488K [0x0000000700000000, 0x000000071df00000, 0x00000007aab00000)
  object space 490496K, 99% used [0x0000000700000000,0x000000071defe238,0x000000071df00000)
}
Event: 68.131 {heap After GC invocations=63 (full 7):
 PSYoungGen      total 219648K, used 35389K [0x00000007aab00000, 0x00000007bc100000, 0x0000000800000000)
  eden space 160768K, 22% used [0x00000007aab00000,0x00000007acd8f5d8,0x00000007b4800000)
  from space 58880K, 0% used [0x00000007b8780000,0x00000007b8780000,0x00000007bc100000)
  to   space 61952K, 0% used [0x00000007b4800000,0x00000007b4800000,0x00000007b8480000)
 ParOldGen       total 490496K, used 490495K [0x0000000700000000, 0x000000071df00000, 0x00000007aab00000)
  object space 490496K, 99% used [0x0000000700000000,0x000000071defffb8,0x000000071df00000)
}
Event: 69.463 {heap Before GC invocations=64 (full 7):
 PSYoungGen      total 219648K, used 160768K [0x00000007aab00000, 0x00000007bc100000, 0x0000000800000000)
  eden space 160768K, 100% used [0x00000007aab00000,0x00000007b4800000,0x00000007b4800000)
  from space 58880K, 0% used [0x00000007b8780000,0x00000007b8780000,0x00000007bc100000)
  to   space 61952K, 0% used [0x00000007b4800000,0x00000007b4800000,0x00000007b8480000)
 ParOldGen       total 490496K, used 490495K [0x0000000700000000, 0x000000071df00000, 0x00000007aab00000)
  object space 490496K, 99% used [0x0000000700000000,0x000000071defffb8,0x000000071df00000)
}
Event: 69.541 {heap After GC invocations=64 (full 7):
 PSYoungGen      total 222720K, used 57163K [0x00000007aab00000, 0x00000007bf080000, 0x0000000800000000)
  eden space 160768K, 0% used [0x00000007aab00000,0x00000007aab00000,0x00000007b4800000)
  from space 61952K, 92% used [0x00000007b4800000,0x00000007b7fd2fd8,0x00000007b8480000)
  to   space 70144K, 0% used [0x00000007bac00000,0x00000007bac00000,0x00000007bf080000)
 ParOldGen       total 491008K, used 490799K [0x0000000700000000, 0x000000071df80000, 0x00000007aab00000)
  object space 491008K, 99% used [0x0000000700000000,0x000000071df4bfb8,0x000000071df80000)
}
Event: 70.918 {heap Before GC invocations=65 (full 7):
 PSYoungGen      total 222720K, used 217931K [0x00000007aab00000, 0x00000007bf080000, 0x0000000800000000)
  eden space 160768K, 100% used [0x00000007aab00000,0x00000007b4800000,0x00000007b4800000)
  from space 61952K, 92% used [0x00000007b4800000,0x00000007b7fd2fd8,0x00000007b8480000)
  to   space 70144K, 0% used [0x00000007bac00000,0x00000007bac00000,0x00000007bf080000)
 ParOldGen       total 491008K, used 490799K [0x0000000700000000, 0x000000071df80000, 0x00000007aab00000)
  object space 491008K, 99% used [0x0000000700000000,0x000000071df4bfb8,0x000000071df80000)
}
Event: 71.006 {heap After GC invocations=65 (full 7):
 PSYoungGen      total 258048K, used 19114K [0x00000007aab00000, 0x00000007beb80000, 0x0000000800000000)
  eden space 193024K, 0% used [0x00000007aab00000,0x00000007aab00000,0x00000007b6780000)
  from space 65024K, 29% used [0x00000007bac00000,0x00000007bbeaa9c8,0x00000007beb80000)
  to   space 67584K, 0% used [0x00000007b6780000,0x00000007b6780000,0x00000007ba980000)
 ParOldGen       total 548352K, used 547939K [0x0000000700000000, 0x0000000721780000, 0x00000007aab00000)
  object space 548352K, 99% used [0x0000000700000000,0x0000000721718d28,0x0000000721780000)
}
Event: 72.836 {heap Before GC invocations=66 (full 7):
 PSYoungGen      total 258048K, used 212138K [0x00000007aab00000, 0x00000007beb80000, 0x0000000800000000)
  eden space 193024K, 100% used [0x00000007aab00000,0x00000007b6780000,0x00000007b6780000)
  from space 65024K, 29% used [0x00000007bac00000,0x00000007bbeaa9c8,0x00000007beb80000)
  to   space 67584K, 0% used [0x00000007b6780000,0x00000007b6780000,0x00000007ba980000)
 ParOldGen       total 548352K, used 547939K [0x0000000700000000, 0x0000000721780000, 0x00000007aab00000)
  object space 548352K, 99% used [0x0000000700000000,0x0000000721718d28,0x0000000721780000)
}
Event: 72.860 {heap After GC invocations=66 (full 7):
 PSYoungGen      total 260608K, used 21190K [0x00000007aab00000, 0x00000007c0b80000, 0x0000000800000000)
  eden space 193024K, 0% used [0x00000007aab00000,0x00000007aab00000,0x00000007b6780000)
  from space 67584K, 31% used [0x00000007b6780000,0x00000007b7c31bf0,0x00000007ba980000)
  to   space 64512K, 0% used [0x00000007bcc80000,0x00000007bcc80000,0x00000007c0b80000)
 ParOldGen       total 567296K, used 566966K [0x0000000700000000, 0x0000000722a00000, 0x00000007aab00000)
  object space 567296K, 99% used [0x0000000700000000,0x00000007229ad938,0x0000000722a00000)
}
Event: 74.295 {heap Before GC invocations=67 (full 7):
 PSYoungGen      total 260608K, used 214214K [0x00000007aab00000, 0x00000007c0b80000, 0x0000000800000000)
  eden space 193024K, 100% used [0x00000007aab00000,0x00000007b6780000,0x00000007b6780000)
  from space 67584K, 31% used [0x00000007b6780000,0x00000007b7c31bf0,0x00000007ba980000)
  to   space 64512K, 0% used [0x00000007bcc80000,0x00000007bcc80000,0x00000007c0b80000)
 ParOldGen       total 567296K, used 566966K [0x0000000700000000, 0x0000000722a00000, 0x00000007aab00000)
  object space 567296K, 99% used [0x0000000700000000,0x00000007229ad938,0x0000000722a00000)
}
Event: 74.319 {heap After GC invocations=67 (full 7):
 PSYoungGen      total 291328K, used 29196K [0x00000007aab00000, 0x00000007c0680000, 0x0000000800000000)
  eden space 231936K, 0% used [0x00000007aab00000,0x00000007aab00000,0x00000007b8d80000)
  from space 59392K, 49% used [0x00000007bcc80000,0x00000007be9033c0,0x00000007c0680000)
  to   space 61952K, 0% used [0x00000007b8d80000,0x00000007b8d80000,0x00000007bca00000)
 ParOldGen       total 588288K, used 588074K [0x0000000700000000, 0x0000000723e80000, 0x00000007aab00000)
  object space 588288K, 99% used [0x0000000700000000,0x0000000723e4a8a8,0x0000000723e80000)
}
Event: 75.910 {heap Before GC invocations=68 (full 7):
 PSYoungGen      total 291328K, used 261132K [0x00000007aab00000, 0x00000007c0680000, 0x0000000800000000)
  eden space 231936K, 100% used [0x00000007aab00000,0x00000007b8d80000,0x00000007b8d80000)
  from space 59392K, 49% used [0x00000007bcc80000,0x00000007be9033c0,0x00000007c0680000)
  to   space 61952K, 0% used [0x00000007b8d80000,0x00000007b8d80000,0x00000007bca00000)
 ParOldGen       total 588288K, used 588074K [0x0000000700000000, 0x0000000723e80000, 0x00000007aab00000)
  object space 588288K, 99% used [0x0000000700000000,0x0000000723e4a8a8,0x0000000723e80000)
}
Event: 75.936 {heap After GC invocations=68 (full 7):
 PSYoungGen      total 293888K, used 27584K [0x00000007aab00000, 0x00000007c2e00000, 0x0000000800000000)
  eden space 231936K, 0% used [0x00000007aab00000,0x00000007aab00000,0x00000007b8d80000)
  from space 61952K, 44% used [0x00000007b8d80000,0x00000007ba870228,0x00000007bca00000)
  to   space 58880K, 0% used [0x00000007bf480000,0x00000007bf480000,0x00000007c2e00000)
 ParOldGen       total 617472K, used 617126K [0x0000000700000000, 0x0000000725b00000, 0x00000007aab00000)
  object space 617472K, 99% used [0x0000000700000000,0x0000000725aa9a70,0x0000000725b00000)
}

Metaspace Usage History (20 events):
Event: 56.980 {metaspace Before GC invocations=59 (full 5):
 Metaspace       used 172851K, committed 175616K, reserved 1245184K
  class space    used 23634K, committed 24960K, reserved 1048576K
}
Event: 57.018 {metaspace After GC invocations=59 (full 5):
 Metaspace       used 172851K, committed 175616K, reserved 1245184K
  class space    used 23634K, committed 24960K, reserved 1048576K
}
Event: 59.727 {metaspace Before GC invocations=60 (full 6):
 Metaspace       used 178924K, committed 181760K, reserved 1245184K
  class space    used 24350K, committed 25728K, reserved 1048576K
}
Event: 60.206 {metaspace After GC invocations=60 (full 6):
 Metaspace       used 178924K, committed 181760K, reserved 1245184K
  class space    used 24350K, committed 25728K, reserved 1048576K
}
Event: 63.244 {metaspace Before GC invocations=61 (full 6):
 Metaspace       used 183381K, committed 186176K, reserved 1245184K
  class space    used 24740K, committed 26112K, reserved 1048576K
}
Event: 63.293 {metaspace After GC invocations=61 (full 6):
 Metaspace       used 183381K, committed 186176K, reserved 1245184K
  class space    used 24740K, committed 26112K, reserved 1048576K
}
Event: 65.386 {metaspace Before GC invocations=62 (full 6):
 Metaspace       used 185176K, committed 188032K, reserved 1245184K
  class space    used 24877K, committed 26240K, reserved 1048576K
}
Event: 65.421 {metaspace After GC invocations=62 (full 6):
 Metaspace       used 185176K, committed 188032K, reserved 1245184K
  class space    used 24877K, committed 26240K, reserved 1048576K
}
Event: 67.747 {metaspace Before GC invocations=63 (full 7):
 Metaspace       used 186645K, committed 189504K, reserved 1245184K
  class space    used 25013K, committed 26368K, reserved 1048576K
}
Event: 68.131 {metaspace After GC invocations=63 (full 7):
 Metaspace       used 186645K, committed 189504K, reserved 1245184K
  class space    used 25013K, committed 26368K, reserved 1048576K
}
Event: 69.463 {metaspace Before GC invocations=64 (full 7):
 Metaspace       used 187117K, committed 189952K, reserved 1245184K
  class space    used 25018K, committed 26368K, reserved 1048576K
}
Event: 69.541 {metaspace After GC invocations=64 (full 7):
 Metaspace       used 187117K, committed 189952K, reserved 1245184K
  class space    used 25018K, committed 26368K, reserved 1048576K
}
Event: 70.918 {metaspace Before GC invocations=65 (full 7):
 Metaspace       used 187437K, committed 190272K, reserved 1245184K
  class space    used 25024K, committed 26368K, reserved 1048576K
}
Event: 71.006 {metaspace After GC invocations=65 (full 7):
 Metaspace       used 187437K, committed 190272K, reserved 1245184K
  class space    used 25024K, committed 26368K, reserved 1048576K
}
Event: 72.836 {metaspace Before GC invocations=66 (full 7):
 Metaspace       used 187828K, committed 190720K, reserved 1245184K
  class space    used 25040K, committed 26432K, reserved 1048576K
}
Event: 72.860 {metaspace After GC invocations=66 (full 7):
 Metaspace       used 187828K, committed 190720K, reserved 1245184K
  class space    used 25040K, committed 26432K, reserved 1048576K
}
Event: 74.295 {metaspace Before GC invocations=67 (full 7):
 Metaspace       used 188154K, committed 190976K, reserved 1245184K
  class space    used 25071K, committed 26432K, reserved 1048576K
}
Event: 74.319 {metaspace After GC invocations=67 (full 7):
 Metaspace       used 188154K, committed 190976K, reserved 1245184K
  class space    used 25071K, committed 26432K, reserved 1048576K
}
Event: 75.910 {metaspace Before GC invocations=68 (full 7):
 Metaspace       used 189058K, committed 191936K, reserved 1245184K
  class space    used 25230K, committed 26624K, reserved 1048576K
}
Event: 75.936 {metaspace After GC invocations=68 (full 7):
 Metaspace       used 189058K, committed 191936K, reserved 1245184K
  class space    used 25230K, committed 26624K, reserved 1048576K
}

Dll operation events (15 events):
Event: 0.014 Loaded shared library C:\Program Files\Eclipse Adoptium\jdk-25.0.3.9-hotspot\bin\java.dll
Event: 0.074 Loaded shared library C:\Program Files\Eclipse Adoptium\jdk-25.0.3.9-hotspot\bin\zip.dll
Event: 0.078 Loaded shared library C:\Program Files\Eclipse Adoptium\jdk-25.0.3.9-hotspot\bin\instrument.dll
Event: 0.085 Loaded shared library C:\Program Files\Eclipse Adoptium\jdk-25.0.3.9-hotspot\bin\net.dll
Event: 0.088 Loaded shared library C:\Program Files\Eclipse Adoptium\jdk-25.0.3.9-hotspot\bin\nio.dll
Event: 0.091 Loaded shared library C:\Program Files\Eclipse Adoptium\jdk-25.0.3.9-hotspot\bin\zip.dll
Event: 0.296 Loaded shared library C:\Program Files\Eclipse Adoptium\jdk-25.0.3.9-hotspot\bin\jimage.dll
Event: 0.520 Loaded shared library C:\Program Files\Eclipse Adoptium\jdk-25.0.3.9-hotspot\bin\verify.dll
Event: 0.542 Loaded shared library C:\Users\Edgar\.gradle\native\660c5614fbf4a5f2a75b1949f50a0caf5cd603558e7d8a26e50b933a0cfb79d1\windows-amd64\native-platform.dll
Event: 0.554 Loaded shared library C:\Users\Edgar\.gradle\native\0.2.8\x86_64-windows-gnu\gradle-fileevents.dll
Event: 1.658 Loaded shared library C:\Program Files\Eclipse Adoptium\jdk-25.0.3.9-hotspot\bin\management.dll
Event: 1.659 Loaded shared library C:\Program Files\Eclipse Adoptium\jdk-25.0.3.9-hotspot\bin\management_ext.dll
Event: 1.816 Loaded shared library C:\Program Files\Eclipse Adoptium\jdk-25.0.3.9-hotspot\bin\extnet.dll
Event: 2.189 Loaded shared library C:\Program Files\Eclipse Adoptium\jdk-25.0.3.9-hotspot\bin\sunmscapi.dll
Event: 45.660 Loaded shared library C:\Program Files\Eclipse Adoptium\jdk-25.0.3.9-hotspot\bin\awt.dll

Deoptimization events (20 events):
Event: 76.256 Thread 0x000001c245a52c20 Uncommon trap: trap_request=0xffffff45 fr.pc=0x000001c2339f2d30 relative=0x0000000000000430
Event: 76.256 Thread 0x000001c245a52c20 Uncommon trap: reason=unstable_if action=reinterpret pc=0x000001c2339f2d30 method=ksp.org.jetbrains.kotlin.fir.resolve.dfa.FirDataFlowAnalyzer.buildSmartCastStatement(Lksp/org/jetbrains/kotlin/fir/resolve/dfa/Flow;Lksp/org/jetbrains/kotlin/fir/resolve/dfa
Event: 76.256 Thread 0x000001c245a52c20 DEOPT PACKING pc=0x000001c2339f2d30 sp=0x0000000a6f4f4fc0
Event: 76.256 Thread 0x000001c245a52c20 DEOPT UNPACKING pc=0x000001c232616982 sp=0x0000000a6f4f4e08 mode 2
Event: 76.261 Thread 0x000001c245a52c20 Uncommon trap: trap_request=0xffffff45 fr.pc=0x000001c23364a794 relative=0x0000000000000914
Event: 76.261 Thread 0x000001c245a52c20 Uncommon trap: reason=unstable_if action=reinterpret pc=0x000001c23364a794 method=ksp.org.jetbrains.kotlin.fir.resolve.calls.candidate.CandidateFactoryKt.processConstraintStorageFromAtom(Lksp/org/jetbrains/kotlin/fir/resolve/calls/ConeResolutionAtom;Lkotl
Event: 76.261 Thread 0x000001c245a52c20 DEOPT PACKING pc=0x000001c23364a794 sp=0x0000000a6f4f6820
Event: 76.261 Thread 0x000001c245a52c20 DEOPT UNPACKING pc=0x000001c232616982 sp=0x0000000a6f4f66c0 mode 2
Event: 76.299 Thread 0x000001c245a52c20 Uncommon trap: trap_request=0xffffff45 fr.pc=0x000001c2336f4184 relative=0x0000000000000204
Event: 76.299 Thread 0x000001c245a52c20 Uncommon trap: reason=unstable_if action=reinterpret pc=0x000001c2336f4184 method=ksp.org.jetbrains.kotlin.fir.declarations.DeprecationUtilsKt.hiddenStatusOfCall(Lksp/org/jetbrains/kotlin/fir/symbols/impl/FirCallableSymbol;ZZ)Lksp/org/jetbrains/kotlin/fir
Event: 76.299 Thread 0x000001c245a52c20 DEOPT PACKING pc=0x000001c2336f4184 sp=0x0000000a6f4f3c10
Event: 76.299 Thread 0x000001c245a52c20 DEOPT UNPACKING pc=0x000001c232616982 sp=0x0000000a6f4f3bb0 mode 2
Event: 76.762 Thread 0x000001c245a52c20 Uncommon trap: trap_request=0xffffff5e fr.pc=0x000001c23383daec relative=0x00000000000014ec
Event: 76.762 Thread 0x000001c245a52c20 Uncommon trap: reason=speculate_class_check action=maybe_recompile pc=0x000001c23383daec method=ksp.org.jetbrains.kotlin.fir.scopes.impl.AbstractFirUseSiteMemberScope.getFunctionsFromSupertypesByName(Lksp/org/jetbrains/kotlin/name/Name;)Ljava/util/List; @
Event: 76.762 Thread 0x000001c245a52c20 DEOPT PACKING pc=0x000001c23383daec sp=0x0000000a6f4fc360
Event: 76.762 Thread 0x000001c245a52c20 DEOPT UNPACKING pc=0x000001c232616982 sp=0x0000000a6f4fc220 mode 2
Event: 76.762 Thread 0x000001c245a52c20 Uncommon trap: trap_request=0xffffff5e fr.pc=0x000001c23383daec relative=0x00000000000014ec
Event: 76.762 Thread 0x000001c245a52c20 Uncommon trap: reason=speculate_class_check action=maybe_recompile pc=0x000001c23383daec method=ksp.org.jetbrains.kotlin.fir.scopes.impl.AbstractFirUseSiteMemberScope.getFunctionsFromSupertypesByName(Lksp/org/jetbrains/kotlin/name/Name;)Ljava/util/List; @
Event: 76.762 Thread 0x000001c245a52c20 DEOPT PACKING pc=0x000001c23383daec sp=0x0000000a6f4fc360
Event: 76.762 Thread 0x000001c245a52c20 DEOPT UNPACKING pc=0x000001c232616982 sp=0x0000000a6f4fc220 mode 2

Classes loaded (20 events):
Event: 47.643 Loading class jdk/jfr/internal/util/Bytecode$FieldDesc
Event: 47.643 Loading class jdk/jfr/internal/util/Bytecode$FieldDesc done
Event: 47.643 Loading class jdk/jfr/internal/util/Bytecode
Event: 47.644 Loading class jdk/jfr/internal/util/Bytecode done
Event: 47.644 Loading class jdk/jfr/internal/RemoveFields
Event: 47.644 Loading class jdk/jfr/internal/RemoveFields done
Event: 47.644 Loading class jdk/jfr/internal/event/EventConfiguration
Event: 47.644 Loading class jdk/jfr/internal/event/EventConfiguration done
Event: 47.645 Loading class java/lang/annotation/Repeatable
Event: 47.645 Loading class java/lang/annotation/Repeatable done
Event: 47.648 Loading class jdk/jfr/SettingDefinition
Event: 47.648 Loading class jdk/jfr/SettingDefinition done
Event: 50.212 Loading class java/util/EnumMap$EntrySet
Event: 50.213 Loading class java/util/EnumMap$EntrySet done
Event: 50.213 Loading class java/util/EnumMap$EntryIterator
Event: 50.213 Loading class java/util/EnumMap$EnumMapIterator
Event: 50.213 Loading class java/util/EnumMap$EnumMapIterator done
Event: 50.213 Loading class java/util/EnumMap$EntryIterator done
Event: 50.213 Loading class java/util/EnumMap$EntryIterator$Entry
Event: 50.213 Loading class java/util/EnumMap$EntryIterator$Entry done

Classes unloaded (0 events):
No events

Classes redefined (0 events):
No events

Internal exceptions (20 events):
Event: 59.188 Thread 0x000001c245a52c20 Exception <a 'java/lang/NoSuchMethodError'{0x00000007b114d690}: 'java.lang.Object java.lang.invoke.Invokers$Holder.linkToTargetMethod(java.lang.Object, java.lang.Object, java.lang.Object, int, java.lang.Object, java.lang.Object, java.lang.Object)'> (0x00000007b114d690) 
thrown [s\src\hotspot\share\interpreter\linkResolver.cpp, line 804]
Event: 59.325 Thread 0x000001c245a52c20 Exception <a 'java/lang/NoSuchMethodError'{0x00000007b14223e0}: 'java.lang.Object java.lang.invoke.DirectMethodHandle$Holder.newInvokeSpecial(java.lang.Object, int, java.lang.Object, java.lang.Object)'> (0x00000007b14223e0) 
thrown [s\src\hotspot\share\interpreter\linkResolver.cpp, line 804]
Event: 59.471 Thread 0x000001c245a52c20 Exception <a 'java/lang/NoSuchMethodError'{0x00000007b1703010}: 'java.lang.Object java.lang.invoke.DirectMethodHandle$Holder.newInvokeSpecial(java.lang.Object, java.lang.Object, java.lang.Object, java.lang.Object, int, int)'> (0x00000007b1703010) 
thrown [s\src\hotspot\share\interpreter\linkResolver.cpp, line 804]
Event: 59.627 Thread 0x000001c245a52c20 Exception <a 'java/lang/NoSuchMethodError'{0x00000007b1b7fec0}: 'java.lang.Object java.lang.invoke.DirectMethodHandle$Holder.invokeStatic(java.lang.Object, java.lang.Object, java.lang.Object, java.lang.Object, java.lang.Object, int)'> (0x00000007b1b7fec0) 
thrown [s\src\hotspot\share\interpreter\linkResolver.cpp, line 804]
Event: 61.092 Thread 0x000001c245a52c20 Exception <a 'java/lang/NoSuchMethodError'{0x00000007aceb0eb8}: 'java.lang.Object java.lang.invoke.DirectMethodHandle$Holder.invokeStatic(java.lang.Object, java.lang.Object, java.lang.Object, int, java.lang.Object, java.lang.Object)'> (0x00000007aceb0eb8) 
thrown [s\src\hotspot\share\interpreter\linkResolver.cpp, line 804]
Event: 61.115 Thread 0x000001c245a52c20 Exception <a 'java/lang/NoSuchMethodError'{0x00000007ad016c08}: 'int java.lang.invoke.DirectMethodHandle$Holder.invokeStatic(java.lang.Object, java.lang.Object, java.lang.Object, java.lang.Object, java.lang.Object, int, java.lang.Object)'> (0x00000007ad016c08) 
thrown [s\src\hotspot\share\interpreter\linkResolver.cpp, line 804]
Event: 61.164 Thread 0x000001c245a52c20 Implicit null exception at 0x000001c232acf8d0 to 0x000001c232ad0158
Event: 61.349 Thread 0x000001c245a52c20 Exception <a 'java/lang/NoSuchMethodError'{0x00000007ad91d808}: 'java.lang.Object java.lang.invoke.DirectMethodHandle$Holder.invokeStatic(java.lang.Object, java.lang.Object, int, java.lang.Object)'> (0x00000007ad91d808) 
thrown [s\src\hotspot\share\interpreter\linkResolver.cpp, line 804]
Event: 61.550 Thread 0x000001c245a52c20 Exception <a 'java/lang/NoSuchMethodError'{0x00000007ae289490}: 'java.lang.Object java.lang.invoke.DirectMethodHandle$Holder.newInvokeSpecial(java.lang.Object, int, java.lang.Object, java.lang.Object, java.lang.Object, int)'> (0x00000007ae289490) 
thrown [s\src\hotspot\share\interpreter\linkResolver.cpp, line 804]
Event: 61.674 Thread 0x000001c245a52c20 Exception <a 'java/lang/NoSuchMethodError'{0x00000007ae998a78}: 'java.lang.Object java.lang.invoke.DirectMethodHandle$Holder.invokeStatic(java.lang.Object, int, java.lang.Object, java.lang.Object, java.lang.Object, java.lang.Object, java.lang.Object)'> (0x00000007ae998a78) 
thrown [s\src\hotspot\share\interpreter\linkResolver.cpp, line 804]
Event: 61.674 Thread 0x000001c245a52c20 Exception <a 'java/lang/NoSuchMethodError'{0x00000007ae9ab840}: 'java.lang.Object java.lang.invoke.DirectMethodHandle$Holder.newInvokeSpecial(java.lang.Object, int, java.lang.Object, java.lang.Object, java.lang.Object)'> (0x00000007ae9ab840) 
thrown [s\src\hotspot\share\interpreter\linkResolver.cpp, line 804]
Event: 61.675 Thread 0x000001c245a52c20 Exception <a 'java/lang/NoSuchMethodError'{0x00000007ae9b5198}: 'java.lang.Object java.lang.invoke.Invokers$Holder.linkToTargetMethod(int, java.lang.Object, java.lang.Object, java.lang.Object, java.lang.Object)'> (0x00000007ae9b5198) 
thrown [s\src\hotspot\share\interpreter\linkResolver.cpp, line 804]
Event: 64.323 Thread 0x000001c245a52c20 Implicit null exception at 0x000001c232fa5410 to 0x000001c232fa70f0
Event: 73.139 Thread 0x000001c245a52c20 Implicit null exception at 0x000001c23333ea20 to 0x000001c23333ed78
Event: 73.139 Thread 0x000001c245a52c20 Implicit null exception at 0x000001c233100be0 to 0x000001c233100d48
Event: 73.139 Thread 0x000001c245a52c20 Implicit null exception at 0x000001c233b5caec to 0x000001c233b5d2c2
Event: 73.894 Thread 0x000001c245a52c20 Implicit null exception at 0x000001c23385e637 to 0x000001c23385f17c
Event: 76.220 Thread 0x000001c245a52c20 Exception <a 'java/lang/NoSuchMethodError'{0x00000007ad78add0}: 'java.lang.Object java.lang.invoke.DirectMethodHandle$Holder.newInvokeSpecial(java.lang.Object, java.lang.Object, java.lang.Object, java.lang.Object, java.lang.Object, int, int)'> (0x00000007ad78add0) 
thrown [s\src\hotspot\share\interpreter\linkResolver.cpp, line 804]
Event: 76.220 Thread 0x000001c245a52c20 Exception <a 'java/lang/NoSuchMethodError'{0x00000007ad7950d0}: 'java.lang.Object java.lang.invoke.DirectMethodHandle$Holder.invokeSpecial(java.lang.Object, java.lang.Object, java.lang.Object, java.lang.Object, java.lang.Object, java.lang.Object, int, int)'> (0x00000007ad7950d0) 
thrown [s\src\hotspot\share\interpreter\linkResolver.cpp, line 804]
Event: 76.221 Thread 0x000001c245a52c20 Exception <a 'java/lang/NoSuchMethodError'{0x00000007ad79e840}: 'java.lang.Object java.lang.invoke.Invokers$Holder.linkToTargetMethod(java.lang.Object, java.lang.Object, java.lang.Object, java.lang.Object, int, int, java.lang.Object)'> (0x00000007ad79e840) 
thrown [s\src\hotspot\share\interpreter\linkResolver.cpp, line 804]

VM Operations (20 events):
Event: 69.463 Executing safepoint VM operation: ParallelCollectForAllocation (Allocation Failure)
Event: 69.541 Executing safepoint VM operation: ParallelCollectForAllocation (Allocation Failure) done
Event: 70.065 Executing non-safepoint VM operation: HandshakeAllThreads (Deoptimize)
Event: 70.065 Executing non-safepoint VM operation: HandshakeAllThreads (Deoptimize) done
Event: 70.918 Executing safepoint VM operation: ParallelCollectForAllocation (Allocation Failure)
Event: 71.006 Executing safepoint VM operation: ParallelCollectForAllocation (Allocation Failure) done
Event: 72.449 Executing non-safepoint VM operation: HandshakeAllThreads (Deoptimize)
Event: 72.449 Executing non-safepoint VM operation: HandshakeAllThreads (Deoptimize) done
Event: 72.836 Executing safepoint VM operation: ParallelCollectForAllocation (Allocation Failure)
Event: 72.860 Executing safepoint VM operation: ParallelCollectForAllocation (Allocation Failure) done
Event: 74.129 Executing non-safepoint VM operation: HandshakeAllThreads (Deoptimize)
Event: 74.129 Executing non-safepoint VM operation: HandshakeAllThreads (Deoptimize) done
Event: 74.295 Executing safepoint VM operation: ParallelCollectForAllocation (Allocation Failure)
Event: 74.319 Executing safepoint VM operation: ParallelCollectForAllocation (Allocation Failure) done
Event: 75.589 Executing non-safepoint VM operation: HandshakeAllThreads (Deoptimize)
Event: 75.589 Executing non-safepoint VM operation: HandshakeAllThreads (Deoptimize) done
Event: 75.616 Executing non-safepoint VM operation: HandshakeAllThreads (Deoptimize)
Event: 75.616 Executing non-safepoint VM operation: HandshakeAllThreads (Deoptimize) done
Event: 75.910 Executing safepoint VM operation: ParallelCollectForAllocation (Allocation Failure)
Event: 75.936 Executing safepoint VM operation: ParallelCollectForAllocation (Allocation Failure) done

Memory protections (0 events):
No events

Nmethod flushes (20 events):
Event: 67.921 Thread 0x000001c22253ef90 flushing  nmethod 0x000001c22de7b608
Event: 67.921 Thread 0x000001c22253ef90 flushing  nmethod 0x000001c22de83e08
Event: 67.921 Thread 0x000001c22253ef90 flushing  nmethod 0x000001c22de9a808
Event: 67.921 Thread 0x000001c22253ef90 flushing  nmethod 0x000001c22de9ab88
Event: 67.921 Thread 0x000001c22253ef90 flushing  nmethod 0x000001c22dea7a08
Event: 67.921 Thread 0x000001c22253ef90 flushing  nmethod 0x000001c22deab188
Event: 67.921 Thread 0x000001c22253ef90 flushing  nmethod 0x000001c22dec4408
Event: 67.921 Thread 0x000001c22253ef90 flushing  nmethod 0x000001c22dec7b08
Event: 67.921 Thread 0x000001c22253ef90 flushing  nmethod 0x000001c22ded1988
Event: 67.921 Thread 0x000001c22253ef90 flushing  nmethod 0x000001c22dee3008
Event: 67.921 Thread 0x000001c22253ef90 flushing  nmethod 0x000001c22df0cc88
Event: 67.921 Thread 0x000001c22253ef90 flushing  nmethod 0x000001c22df20788
Event: 67.921 Thread 0x000001c22253ef90 flushing  nmethod 0x000001c22df3f188
Event: 67.921 Thread 0x000001c22253ef90 flushing  nmethod 0x000001c22df4ab88
Event: 67.921 Thread 0x000001c22253ef90 flushing  nmethod 0x000001c22df76108
Event: 67.921 Thread 0x000001c22253ef90 flushing  nmethod 0x000001c22df78208
Event: 67.921 Thread 0x000001c22253ef90 flushing  nmethod 0x000001c22df80688
Event: 67.921 Thread 0x000001c22253ef90 flushing  nmethod 0x000001c22df94088
Event: 67.921 Thread 0x000001c22253ef90 flushing  nmethod 0x000001c22dfadd88
Event: 67.921 Thread 0x000001c22253ef90 flushing  nmethod 0x000001c22dff3508

Events (20 events):
Event: 47.592 Thread 0x000001c22256d0e0 Thread added: 0x000001c251536850
Event: 47.740 Thread 0x000001c251536850 Thread exited: 0x000001c251536850
Event: 48.379 Thread 0x000001c251536040 Thread exited: 0x000001c251536040
Event: 48.640 Thread 0x000001c22256d0e0 Thread added: 0x000001c251536850
Event: 48.676 Thread 0x000001c22256d0e0 Thread added: 0x000001c251537870
Event: 50.440 Thread 0x000001c251537870 Thread exited: 0x000001c251537870
Event: 50.554 Thread 0x000001c22256d0e0 Thread added: 0x000001c26128d6f0
Event: 57.210 Thread 0x000001c24ac82970 Thread exited: 0x000001c24ac82970
Event: 57.231 Thread 0x000001c24ac85850 Thread exited: 0x000001c24ac85850
Event: 57.251 Thread 0x000001c24ac86020 Thread exited: 0x000001c24ac86020
Event: 57.273 Thread 0x000001c24ac88f00 Thread exited: 0x000001c24ac88f00
Event: 57.293 Thread 0x000001c24ac867f0 Thread exited: 0x000001c24ac867f0
Event: 57.314 Thread 0x000001c24ac85080 Thread exited: 0x000001c24ac85080
Event: 57.334 Thread 0x000001c24ac848b0 Thread exited: 0x000001c24ac848b0
Event: 57.355 Thread 0x000001c24ac83140 Thread exited: 0x000001c24ac83140
Event: 57.375 Thread 0x000001c24ac89ea0 Thread exited: 0x000001c24ac89ea0
Event: 57.396 Thread 0x000001c24ac7c3e0 Thread exited: 0x000001c24ac7c3e0
Event: 57.417 Thread 0x000001c24ac87790 Thread exited: 0x000001c24ac87790
Event: 57.437 Thread 0x000001c24ac7b440 Thread exited: 0x000001c24ac7b440
Event: 66.706 Thread 0x000001c26128d6f0 Thread exited: 0x000001c26128d6f0


Dynamic libraries:
0x00007ff615fc0000 - 0x00007ff615fce000 	C:\Program Files\Eclipse Adoptium\jdk-25.0.3.9-hotspot\bin\java.exe
0x00007ffcb14b0000 - 0x00007ffcb16a8000 	C:\WINDOWS\SYSTEM32\ntdll.dll
0x00007ffcaf9c0000 - 0x00007ffcafa82000 	C:\WINDOWS\System32\KERNEL32.DLL
0x00007ffcaef60000 - 0x00007ffcaf256000 	C:\WINDOWS\System32\KERNELBASE.dll
0x00007ffcaebe0000 - 0x00007ffcaece0000 	C:\WINDOWS\System32\ucrtbase.dll
0x00007ffbf8e20000 - 0x00007ffbf8e3e000 	C:\Program Files\Eclipse Adoptium\jdk-25.0.3.9-hotspot\bin\VCRUNTIME140.dll
0x00007ffbf8e40000 - 0x00007ffbf8e56000 	C:\Program Files\Eclipse Adoptium\jdk-25.0.3.9-hotspot\bin\jli.dll
0x00007ffcb12c0000 - 0x00007ffcb1461000 	C:\WINDOWS\System32\USER32.dll
0x00007ffcaee10000 - 0x00007ffcaee32000 	C:\WINDOWS\System32\win32u.dll
0x00007ffc93220000 - 0x00007ffc934bb000 	C:\WINDOWS\WinSxS\amd64_microsoft.windows.common-controls_6595b64144ccf1df_6.0.19041.6456_none_60b8a6cb71f64256\COMCTL32.dll
0x00007ffcafa90000 - 0x00007ffcafabb000 	C:\WINDOWS\System32\GDI32.dll
0x00007ffcaf770000 - 0x00007ffcaf80e000 	C:\WINDOWS\System32\msvcrt.dll
0x00007ffcaee40000 - 0x00007ffcaef59000 	C:\WINDOWS\System32\gdi32full.dll
0x00007ffcaeb40000 - 0x00007ffcaebdd000 	C:\WINDOWS\System32\msvcp_win.dll
0x00007ffcb0180000 - 0x00007ffcb01af000 	C:\WINDOWS\System32\IMM32.DLL
0x00007ffc63fd0000 - 0x00007ffc63fdc000 	C:\Program Files\Eclipse Adoptium\jdk-25.0.3.9-hotspot\bin\vcruntime140_1.dll
0x00007ffbf8d90000 - 0x00007ffbf8e1d000 	C:\Program Files\Eclipse Adoptium\jdk-25.0.3.9-hotspot\bin\msvcp140.dll
0x00007ffbb6a80000 - 0x00007ffbb79aa000 	C:\Program Files\Eclipse Adoptium\jdk-25.0.3.9-hotspot\bin\server\jvm.dll
0x00007ffcb01b0000 - 0x00007ffcb0261000 	C:\WINDOWS\System32\ADVAPI32.dll
0x00007ffcaf890000 - 0x00007ffcaf92f000 	C:\WINDOWS\System32\sechost.dll
0x00007ffcaff30000 - 0x00007ffcb0050000 	C:\WINDOWS\System32\RPCRT4.dll
0x00007ffcaede0000 - 0x00007ffcaee07000 	C:\WINDOWS\System32\bcrypt.dll
0x00007ffcb0330000 - 0x00007ffcb039b000 	C:\WINDOWS\System32\WS2_32.dll
0x00007ffcae6b0000 - 0x00007ffcae6fb000 	C:\WINDOWS\SYSTEM32\POWRPROF.dll
0x00007ffca4010000 - 0x00007ffca4037000 	C:\WINDOWS\SYSTEM32\WINMM.dll
0x00007ffca7e50000 - 0x00007ffca7e5a000 	C:\WINDOWS\SYSTEM32\VERSION.dll
0x00007ffcae5a0000 - 0x00007ffcae5b2000 	C:\WINDOWS\SYSTEM32\UMPDC.dll
0x00007ffcac990000 - 0x00007ffcac9a2000 	C:\WINDOWS\SYSTEM32\kernel.appcore.dll
0x00007ffc62280000 - 0x00007ffc6228a000 	C:\Program Files\Eclipse Adoptium\jdk-25.0.3.9-hotspot\bin\jimage.dll
0x00007ffca3d40000 - 0x00007ffca3f41000 	C:\WINDOWS\SYSTEM32\DBGHELP.DLL
0x00007ffc90190000 - 0x00007ffc901c4000 	C:\WINDOWS\SYSTEM32\dbgcore.DLL
0x00007ffcaf440000 - 0x00007ffcaf4c2000 	C:\WINDOWS\System32\bcryptPrimitives.dll
0x00007ffbfc2c0000 - 0x00007ffbfc2cf000 	C:\Program Files\Eclipse Adoptium\jdk-25.0.3.9-hotspot\bin\instrument.dll
0x00007ffbf8a10000 - 0x00007ffbf8a2e000 	C:\Program Files\Eclipse Adoptium\jdk-25.0.3.9-hotspot\bin\java.dll
0x00007ffcb0050000 - 0x00007ffcb017b000 	C:\WINDOWS\System32\ole32.dll
0x00007ffcafbc0000 - 0x00007ffcaff14000 	C:\WINDOWS\System32\combase.dll
0x00007ffcb0530000 - 0x00007ffcb0ca0000 	C:\WINDOWS\System32\SHELL32.dll
0x00007ffcacb90000 - 0x00007ffcad335000 	C:\WINDOWS\SYSTEM32\windows.storage.dll
0x00007ffcae3b0000 - 0x00007ffcae3db000 	C:\WINDOWS\SYSTEM32\Wldp.dll
0x00007ffcaf6a0000 - 0x00007ffcaf76d000 	C:\WINDOWS\System32\OLEAUT32.dll
0x00007ffcaf5e0000 - 0x00007ffcaf68d000 	C:\WINDOWS\System32\SHCORE.dll
0x00007ffcb03a0000 - 0x00007ffcb03fb000 	C:\WINDOWS\System32\shlwapi.dll
0x00007ffcaea70000 - 0x00007ffcaea94000 	C:\WINDOWS\SYSTEM32\profapi.dll
0x00007ffbf89b0000 - 0x00007ffbf89c6000 	C:\Program Files\Eclipse Adoptium\jdk-25.0.3.9-hotspot\bin\zip.dll
0x00007ffbf89f0000 - 0x00007ffbf8a01000 	C:\Program Files\Eclipse Adoptium\jdk-25.0.3.9-hotspot\bin\net.dll
0x00007ffcae190000 - 0x00007ffcae1fa000 	C:\WINDOWS\system32\mswsock.dll
0x00007ffbf89d0000 - 0x00007ffbf89e6000 	C:\Program Files\Eclipse Adoptium\jdk-25.0.3.9-hotspot\bin\nio.dll
0x00007ffc60a50000 - 0x00007ffc60a60000 	C:\Program Files\Eclipse Adoptium\jdk-25.0.3.9-hotspot\bin\verify.dll
0x00007ffbf8980000 - 0x00007ffbf89a7000 	C:\Users\Edgar\.gradle\native\660c5614fbf4a5f2a75b1949f50a0caf5cd603558e7d8a26e50b933a0cfb79d1\windows-amd64\native-platform.dll
0x00007ffbf8900000 - 0x00007ffbf8977000 	C:\Users\Edgar\.gradle\native\0.2.8\x86_64-windows-gnu\gradle-fileevents.dll
0x00007ffc5e2f0000 - 0x00007ffc5e2fa000 	C:\Program Files\Eclipse Adoptium\jdk-25.0.3.9-hotspot\bin\management.dll
0x00007ffbffde0000 - 0x00007ffbffdec000 	C:\Program Files\Eclipse Adoptium\jdk-25.0.3.9-hotspot\bin\management_ext.dll
0x00007ffcaf690000 - 0x00007ffcaf698000 	C:\WINDOWS\System32\PSAPI.DLL
0x00007ffcade90000 - 0x00007ffcadecb000 	C:\WINDOWS\SYSTEM32\IPHLPAPI.DLL
0x00007ffcb0400000 - 0x00007ffcb0408000 	C:\WINDOWS\System32\NSI.dll
0x00007ffbfc710000 - 0x00007ffbfc719000 	C:\Program Files\Eclipse Adoptium\jdk-25.0.3.9-hotspot\bin\extnet.dll
0x00007ffcae3f0000 - 0x00007ffcae408000 	C:\WINDOWS\SYSTEM32\CRYPTSP.dll
0x00007ffcadad0000 - 0x00007ffcadb08000 	C:\WINDOWS\system32\rsaenh.dll
0x00007ffcaea30000 - 0x00007ffcaea5e000 	C:\WINDOWS\SYSTEM32\USERENV.dll
0x00007ffcae320000 - 0x00007ffcae32c000 	C:\WINDOWS\SYSTEM32\CRYPTBASE.dll
0x00007ffbfbcc0000 - 0x00007ffbfbcce000 	C:\Program Files\Eclipse Adoptium\jdk-25.0.3.9-hotspot\bin\sunmscapi.dll
0x00007ffcaf260000 - 0x00007ffcaf3bd000 	C:\WINDOWS\System32\CRYPT32.dll
0x00007ffcae550000 - 0x00007ffcae577000 	C:\WINDOWS\SYSTEM32\ncrypt.dll
0x00007ffcae4d0000 - 0x00007ffcae50b000 	C:\WINDOWS\SYSTEM32\NTASN1.dll
0x00007ffc84df0000 - 0x00007ffc84df7000 	C:\WINDOWS\system32\wshunix.dll
0x00007ffbdee40000 - 0x00007ffbdefc0000 	C:\Program Files\Eclipse Adoptium\jdk-25.0.3.9-hotspot\bin\awt.dll
0x00007ffcab480000 - 0x00007ffcab514000 	C:\WINDOWS\SYSTEM32\apphelp.dll
0x00007ffcac480000 - 0x00007ffcac51e000 	C:\WINDOWS\system32\uxtheme.dll
0x00007ffcb0410000 - 0x00007ffcb0525000 	C:\WINDOWS\System32\MSCTF.dll

JVMTI agents:
C:\Users\Edgar\.gradle\wrapper\dists\gradle-9.6.1-bin\4ticwg1pgcbps2hj28r8so764\gradle-9.6.1\lib\agents\gradle-instrumentation-agent-9.6.1.jar path:C:\Program Files\Eclipse Adoptium\jdk-25.0.3.9-hotspot\bin\instrument.dll, loaded, initialized, instrumentlib options:none

dbghelp: loaded successfully - version: 4.0.5 - missing functions: none
symbol engine: initialized successfully - sym options: 0x614 - pdb path: .;C:\Program Files\Eclipse Adoptium\jdk-25.0.3.9-hotspot\bin;C:\WINDOWS\SYSTEM32;C:\WINDOWS\WinSxS\amd64_microsoft.windows.common-controls_6595b64144ccf1df_6.0.19041.6456_none_60b8a6cb71f64256;C:\Program Files\Eclipse Adoptium\jdk-25.0.3.9-hotspot\bin\server;C:\Users\Edgar\.gradle\native\660c5614fbf4a5f2a75b1949f50a0caf5cd603558e7d8a26e50b933a0cfb79d1\windows-amd64;C:\Users\Edgar\.gradle\native\0.2.8\x86_64-windows-gnu

VM Arguments:
jvm_args: --add-opens=java.base/java.lang=ALL-UNNAMED --add-opens=java.base/java.lang.invoke=ALL-UNNAMED --add-opens=java.base/java.util=ALL-UNNAMED --add-opens=java.prefs/java.util.prefs=ALL-UNNAMED --add-exports=jdk.compiler/com.sun.tools.javac.api=ALL-UNNAMED --add-exports=jdk.compiler/com.sun.tools.javac.util=ALL-UNNAMED --add-opens=java.base/java.nio.charset=ALL-UNNAMED --add-opens=java.base/java.net=ALL-UNNAMED --add-opens=java.base/java.util.concurrent=ALL-UNNAMED --add-opens=java.base/java.util.concurrent.atomic=ALL-UNNAMED --add-opens=java.xml/javax.xml.namespace=ALL-UNNAMED --add-opens=java.base/java.time=ALL-UNNAMED --enable-native-access=ALL-UNNAMED -XX:+UseParallelGC -XX:+HeapDumpOnOutOfMemoryError -Xmx4g -Dfile.encoding=UTF-8 -Duser.country=US -Duser.language=en -Duser.variant -javaagent:C:\Users\Edgar\.gradle\wrapper\dists\gradle-9.6.1-bin\4ticwg1pgcbps2hj28r8so764\gradle-9.6.1\lib\agents\gradle-instrumentation-agent-9.6.1.jar 
java_command: org.gradle.launcher.daemon.bootstrap.GradleDaemon 9.6.1
java_class_path (initial): C:\Users\Edgar\.gradle\wrapper\dists\gradle-9.6.1-bin\4ticwg1pgcbps2hj28r8so764\gradle-9.6.1\lib\gradle-daemon-main-9.6.1.jar
Launcher Type: SUN_STANDARD

[Global flags]
     intx CICompilerCount                          = 4                                         {product} {ergonomic}
     bool HeapDumpOnOutOfMemoryError               = true                                   {manageable} {command line}
   size_t InitialHeapSize                          = 268435456                                 {product} {ergonomic}
   size_t MaxHeapSize                              = 4294967296                                {product} {command line}
   size_t MaxNewSize                               = 1431306240                                {product} {ergonomic}
   size_t MinHeapDeltaBytes                        = 524288                                    {product} {ergonomic}
   size_t MinHeapSize                              = 8388608                                   {product} {ergonomic}
   size_t NewSize                                  = 89128960                                  {product} {ergonomic}
    uintx NonNMethodCodeHeapSize                   = 5898240                                {pd product} {ergonomic}
    uintx NonProfiledCodeHeapSize                  = 122945536                              {pd product} {ergonomic}
    uintx ProfiledCodeHeapSize                     = 122945536                              {pd product} {ergonomic}
    uintx ReservedCodeCacheSize                    = 251789312                              {pd product} {ergonomic}
     bool SegmentedCodeCache                       = true                                      {product} {ergonomic}
   size_t SoftMaxHeapSize                          = 4294967296                             {manageable} {ergonomic}
     bool UseCompressedOops                        = true                           {product lp64_product} {ergonomic}
     bool UseLargePagesIndividualAllocation        = false                                  {pd product} {ergonomic}
     bool UseParallelGC                            = true                                      {product} {command line}

Logging:
Log output configuration:
 #0: stdout all=warning uptime,level,tags foldmultilines=false
 #1: stderr all=off uptime,level,tags foldmultilines=false

Release file:
IMPLEMENTOR="Eclipse Adoptium" 
IMPLEMENTOR_VERSION="Temurin-25.0.3+9" 
JAVA_RUNTIME_VERSION="25.0.3+9-LTS" 
JAVA_VERSION="25.0.3" 
JAVA_VERSION_DATE="2026-04-21" 
LIBC="default" 
MODULES="java.base java.compiler java.datatransfer java.xml java.prefs java.desktop java.instrument java.logging java.management java.security.sasl java.naming java.rmi java.management.rmi java.net.http java.scripting java.security.jgss java.transaction.xa java.sql java.sql.rowset java.xml.crypto java.se java.smartcardio jdk.accessibility jdk.internal.jvmstat jdk.attach jdk.charsets jdk.internal.opt jdk.zipfs jdk.compiler jdk.crypto.cryptoki jdk.crypto.ec jdk.crypto.mscapi jdk.dynalink jdk.internal.ed jdk.editpad jdk.internal.vm.ci jdk.graal.compiler jdk.graal.compiler.management jdk.hotspot.agent jdk.httpserver jdk.incubator.vector jdk.internal.le jdk.internal.md jdk.jartool jdk.javadoc jdk.jcmd jdk.management jdk.management.agent jdk.jconsole jdk.jdeps jdk.jdwp.agent jdk.jdi jdk.jfr jdk.jlink jdk.jpackage jdk.jshell jdk.jsobject jdk.jstatd jdk.localedata jdk.management.jfr jdk.naming.dns jdk.naming.rmi jdk.net jdk.nio.mapmode jdk.sctp jdk.security.auth jdk.security.jgss jdk.unsupported jdk.unsupported.desktop jdk.xml.dom" 
OS_ARCH="x86_64" 
OS_NAME="Windows" 
SOURCE=".:git:cda0a1776184" 
BUILD_SOURCE="git:a612825ee82a20ac872d60958c349854c1f29a8e"
BUILD_SOURCE_REPO="https://github.com/adoptium/temurin-build.git"
SOURCE_REPO="https://github.com/adoptium/jdk25u.git"
FULL_VERSION="25.0.3+9-LTS"
SEMANTIC_VERSION="25.0.3+9"
BUILD_INFO="OS: Windows Server 2022 Version: 10.0"
JVM_VARIANT="Hotspot"
JVM_VERSION="25.0.3+9-LTS"
IMAGE_TYPE="JDK"

Environment Variables:
JAVA_HOME=C:\Program Files\Eclipse Adoptium\jdk-25.0.3.9-hotspot\
PATH=C:\Program Files\Eclipse Adoptium\jdk-25.0.3.9-hotspot\bin;C:\Program Files (x86)\Common Files\Oracle\Java\java8path;C:\Program Files (x86)\Common Files\Oracle\Java\javapath;C:\Python313\Scripts\;C:\Python313\;C:\WINDOWS\system32;C:\WINDOWS;C:\WINDOWS\System32\Wbem;C:\WINDOWS\System32\WindowsPowerShell\v1.0\;C:\WINDOWS\System32\OpenSSH\;C:\Program Files\NVIDIA Corporation\NVIDIA App\NvDLISR;C:\Program Files (x86)\NVIDIA Corporation\PhysX\Common;C:\Program Files\Git\cmd;C:\Program Files\nodejs\;C:\ProgramData\chocolatey\bin;C:\Program Files\Docker\Docker\resources\bin;C:\Program Files\dotnet\;C:\Program Files\Process Lasso\;C:\Users\Edgar\AppData\Local\Muse Hub\lib;C:\Program Files\Cloudflare\Cloudflare WARP\;c:\Users\Edgar\AppData\Local\Programs\Trae\bin;C:\Users\Edgar\AppData\Local\pnpm;C:\Users\Edgar\AppData\Local\Microsoft\WindowsApps;C:\Users\Edgar\AppData\Local\spicetify;C:\Users\Edgar\AppData\Roaming\npm;C:\Users\Edgar\AppData\Local\Programs\Trae;C:\Users\Edgar\AppData\Local\GitHubDesktop\bin;C:\Users\Edgar\AppData\Local\Muse Hub\lib
USERNAME=Edgar
OS=Windows_NT
PROCESSOR_IDENTIFIER=AMD64 Family 25 Model 33 Stepping 2, AuthenticAMD
TMP=C:\Users\Edgar\AppData\Local\Temp
TEMP=C:\Users\Edgar\AppData\Local\Temp




Compilation memory statistics disabled.

Periodic native trim disabled

---------------  S Y S T E M  ---------------

OS:
 Windows 10 , 64 bit Build 19041 (10.0.19041.5915)
OS uptime: 1 days 18:46 hours
Hyper-V role detected

CPU: total 12 (initial active 12) (12 cores per cpu, 2 threads per core) family 25 model 33 stepping 2 microcode 0x0, cx8, cmov, fxsr, ht, mmx, 3dnowpref, sse, sse2, sse3, ssse3, sse4a, sse4.1, sse4.2, popcnt, lzcnt, tsc, tscinvbit, avx, avx2, aes, erms, clmul, bmi1, bmi2, adx, sha, fma, vzeroupper, clflush, clflushopt, clwb, hv, rdtscp, rdpid, fsrm, f16c, cet_ss
Processor Information for the first 12 processors :
  Max Mhz: 3501, Current Mhz: 3501, Mhz Limit: 3501

Memory: 4k page, system-wide physical 16310M (397M free)
TotalPageFile size 50055M (AvailPageFile size 0M)
current process WorkingSet (physical memory assigned to process): 1170M, peak: 1241M
current process commit charge ("private bytes"): 1609M, peak: 1614M

vm_info: OpenJDK 64-Bit Server VM (25.0.3+9-LTS) for windows-amd64 JRE (25.0.3+9-LTS), built on 2026-04-21T00:00:00Z with MS VC++ 17.12 (VS2022)

END.
